vite v7.2.1 building ssr environment for production...
transforming...
✓ 237 modules transformed.
rendering chunks...
vite v7.2.1 building client environment for production...
transforming...
✓ 359 modules transformed.
rendering chunks...
computing gzip size...
.svelte-kit/output/client/_app/version.json                         0.03 kB │ gzip:   0.05 kB
.svelte-kit/output/client/.vite/manifest.json                       8.46 kB │ gzip:   1.03 kB
.svelte-kit/output/client/_app/immutable/assets/0.BYZaBEYt.css     16.16 kB │ gzip:   4.00 kB
.svelte-kit/output/client/_app/immutable/chunks/BCoc4mCO.js         0.04 kB │ gzip:   0.06 kB
.svelte-kit/output/client/_app/immutable/entry/start.gQKkVa35.js    0.08 kB │ gzip:   0.09 kB
.svelte-kit/output/client/_app/immutable/chunks/D4Caz1gY.js         0.11 kB │ gzip:   0.11 kB
.svelte-kit/output/client/_app/immutable/chunks/CkvGddwX.js         0.30 kB │ gzip:   0.22 kB
.svelte-kit/output/client/_app/immutable/chunks/BMupya9g.js         0.32 kB │ gzip:   0.25 kB
.svelte-kit/output/client/_app/immutable/chunks/CTh6T6oj.js         0.37 kB │ gzip:   0.28 kB
.svelte-kit/output/client/_app/immutable/chunks/CbDtdcyu.js         0.52 kB │ gzip:   0.33 kB
.svelte-kit/output/client/_app/immutable/nodes/1.BFYgjLHT.js        0.59 kB │ gzip:   0.35 kB
.svelte-kit/output/client/_app/immutable/chunks/B6JE0BFu.js         0.68 kB │ gzip:   0.44 kB
.svelte-kit/output/client/_app/immutable/chunks/9RJ1E2mP.js         0.93 kB │ gzip:   0.54 kB
.svelte-kit/output/client/_app/immutable/chunks/HaSRPMtb.js         0.98 kB │ gzip:   0.58 kB
.svelte-kit/output/client/_app/immutable/chunks/0iGgpyqh.js         1.00 kB │ gzip:   0.51 kB
.svelte-kit/output/client/_app/immutable/chunks/Be06feTV.js         1.00 kB │ gzip:   0.58 kB
.svelte-kit/output/client/_app/immutable/nodes/8.DvllUq1w.js        1.60 kB │ gzip:   0.88 kB
.svelte-kit/output/client/_app/immutable/nodes/9.r-V0gm-C.js        1.62 kB │ gzip:   0.88 kB
.svelte-kit/output/client/_app/immutable/chunks/CCC7UfZZ.js         1.74 kB │ gzip:   0.81 kB
.svelte-kit/output/client/_app/immutable/nodes/7.Ytc0iwIx.js        3.16 kB │ gzip:   1.48 kB
.svelte-kit/output/client/_app/immutable/nodes/6.BY4PSmB6.js        3.63 kB │ gzip:   1.74 kB
.svelte-kit/output/client/_app/immutable/chunks/B51C1hAL.js         3.74 kB │ gzip:   1.88 kB
.svelte-kit/output/client/_app/immutable/nodes/0.DkzgTJb1.js        4.04 kB │ gzip:   1.77 kB
.svelte-kit/output/client/_app/immutable/nodes/5.DKojmC9t.js        5.07 kB │ gzip:   2.18 kB
.svelte-kit/output/client/_app/immutable/chunks/Dfo2U0Sl.js         5.73 kB │ gzip:   2.59 kB
.svelte-kit/output/client/_app/immutable/entry/app.Yu_D5Lu_.js      6.78 kB │ gzip:   2.89 kB
.svelte-kit/output/client/_app/immutable/nodes/2.Mv1aVLKt.js        7.40 kB │ gzip:   2.95 kB
.svelte-kit/output/client/_app/immutable/nodes/4.DY4IDcIE.js       22.00 kB │ gzip:   6.41 kB
.svelte-kit/output/client/_app/immutable/chunks/DgaerFAR.js        22.75 kB │ gzip:   8.88 kB
.svelte-kit/output/client/_app/immutable/chunks/CLQeHhgI.js        30.98 kB │ gzip:  12.14 kB
.svelte-kit/output/client/_app/immutable/nodes/3.DuiA_bEs.js      973.81 kB │ gzip: 313.84 kB

(!) Some chunks are larger than 500 kB after minification. Consider:
- Using dynamic import() to code-split the application
- Use build.rollupOptions.output.manualChunks to improve chunking: https://rollupjs.org/configuration-options/#output-manualchunks
- Adjust chunk size limit for this warning via build.chunkSizeWarningLimit.
✓ built in 1.59s
.svelte-kit/output/server/.vite/manifest.json                                                     19.30 kB
.svelte-kit/output/server/_app/immutable/assets/_layout.BYZaBEYt.css                              16.16 kB
.svelte-kit/output/server/entries/endpoints/api/auth/logout/_server.ts.js                          0.21 kB
.svelte-kit/output/server/entries/pages/_layout.server.ts.js                                       0.22 kB
.svelte-kit/output/server/chunks/shared-server.js                                                  0.28 kB
.svelte-kit/output/server/chunks/equality.js                                                       0.33 kB
.svelte-kit/output/server/internal.js                                                              0.38 kB
.svelte-kit/output/server/chunks/state.svelte.js                                                   0.38 kB
.svelte-kit/output/server/entries/endpoints/api/admin/notifications/_id_/_server.ts.js             0.42 kB
.svelte-kit/output/server/chunks/log.js                                                            0.45 kB
.svelte-kit/output/server/entries/endpoints/api/admin/user/search/_server.ts.js                    0.46 kB
.svelte-kit/output/server/entries/endpoints/api/admin/pastes/_id_/_server.ts.js                    0.52 kB
.svelte-kit/output/server/entries/endpoints/api/admin/collections/_id_/files/_server.ts.js         0.53 kB
.svelte-kit/output/server/entries/endpoints/api/cron/purge-expired/_server.ts.js                   0.55 kB
.svelte-kit/output/server/entries/pages/_id_/_page.server.ts.js                                    0.62 kB
.svelte-kit/output/server/entries/endpoints/api/notifications/_server.ts.js                        0.66 kB
.svelte-kit/output/server/chunks/environment.js                                                    0.66 kB
.svelte-kit/output/server/chunks/utils3.js                                                         0.70 kB
.svelte-kit/output/server/entries/endpoints/api/admin/user/_username_/unban/_server.ts.js          0.71 kB
.svelte-kit/output/server/entries/pages/user/_userId_/files/_page.server.ts.js                     0.73 kB
.svelte-kit/output/server/entries/endpoints/api/admin/ip/ban/_server.ts.js                         0.73 kB
.svelte-kit/output/server/entries/pages/user/_userId_/pastes/_page.server.ts.js                    0.73 kB
.svelte-kit/output/server/entries/endpoints/api/admin/user/_username_/_server.ts.js                0.74 kB
.svelte-kit/output/server/entries/endpoints/api/admin/user/_username_/ban/_server.ts.js            0.78 kB
.svelte-kit/output/server/entries/endpoints/api/admin/files/_id_/_server.ts.js                     0.83 kB
.svelte-kit/output/server/entries/endpoints/api/admin/settings/_server.ts.js                       0.84 kB
.svelte-kit/output/server/entries/endpoints/api/admin/purge-guest-pastes/_server.ts.js             0.87 kB
.svelte-kit/output/server/entries/pages/admin/_page.server.ts.js                                   0.87 kB
.svelte-kit/output/server/entries/endpoints/api/admin/notifications/_server.ts.js                  0.90 kB
.svelte-kit/output/server/chunks/utils2.js                                                         0.91 kB
.svelte-kit/output/server/entries/pages/files/_collection_id_/_page.server.ts.js                   1.02 kB
.svelte-kit/output/server/entries/pages/files/upload/_page.server.ts.js                            1.08 kB
.svelte-kit/output/server/entries/fallbacks/error.svelte.js                                        1.09 kB
.svelte-kit/output/server/entries/endpoints/api/admin/collections/_id_/_server.ts.js               1.12 kB
.svelte-kit/output/server/chunks/utils.js                                                          1.15 kB
.svelte-kit/output/server/entries/endpoints/api/admin/offenses/_server.ts.js                       1.17 kB
.svelte-kit/output/server/entries/endpoints/api/auth/otp/generate/_server.ts.js                    1.27 kB
.svelte-kit/output/server/entries/pages/_page.server.ts.js                                         1.31 kB
.svelte-kit/output/server/chunks/shared.js                                                         1.35 kB
.svelte-kit/output/server/entries/endpoints/api/admin/purge-guest-files/_server.ts.js              1.37 kB
.svelte-kit/output/server/entries/endpoints/api/admin/purge/_server.ts.js                          1.37 kB
.svelte-kit/output/server/chunks/auth.js                                                           1.39 kB
.svelte-kit/output/server/chunks/index.js                                                          1.46 kB
.svelte-kit/output/server/entries/endpoints/api/files/collections/_collection_id_/_server.ts.js    1.57 kB
.svelte-kit/output/server/chunks/context.js                                                        1.70 kB
.svelte-kit/output/server/entries/endpoints/api/admin/rate-limits/_server.ts.js                    1.72 kB
.svelte-kit/output/server/chunks/hooks.server.js                                                   1.76 kB
.svelte-kit/output/server/entries/pages/user/_userId_/pastes/_page.svelte.js                       1.82 kB
.svelte-kit/output/server/entries/pages/user/_userId_/files/_page.svelte.js                        1.82 kB
.svelte-kit/output/server/entries/endpoints/api/admin/purge-pastes/_server.ts.js                   1.86 kB
.svelte-kit/output/server/entries/endpoints/api/files/create-collection/_server.ts.js              1.87 kB
.svelte-kit/output/server/entries/endpoints/api/paste/_id_/_server.ts.js                           1.97 kB
.svelte-kit/output/server/entries/pages/files/upload/_page.svelte.js                               2.04 kB
.svelte-kit/output/server/entries/endpoints/api/files/raw/_file_id_/_server.ts.js                  2.23 kB
.svelte-kit/output/server/entries/endpoints/api/paste/_server.ts.js                                2.49 kB
.svelte-kit/output/server/chunks/cron.js                                                           3.00 kB
.svelte-kit/output/server/entries/endpoints/api/admin/purge-files/_server.ts.js                    3.04 kB
.svelte-kit/output/server/entries/pages/privacy/_page.svelte.js                                    3.19 kB
.svelte-kit/output/server/entries/pages/_id_/_page.svelte.js                                       3.27 kB
.svelte-kit/output/server/chunks/rateLimit.js                                                      3.66 kB
.svelte-kit/output/server/entries/pages/_layout.svelte.js                                          4.15 kB
.svelte-kit/output/server/entries/endpoints/api/files/upload/_server.ts.js                         4.48 kB
.svelte-kit/output/server/entries/pages/files/_collection_id_/_page.svelte.js                      4.57 kB
.svelte-kit/output/server/entries/pages/_page.svelte.js                                            4.77 kB
.svelte-kit/output/server/entries/endpoints/api/auth/otp/verify/_server.ts.js                      4.91 kB
.svelte-kit/output/server/chunks/exports.js                                                        5.52 kB
.svelte-kit/output/server/chunks/db.js                                                             6.50 kB
.svelte-kit/output/server/entries/pages/admin/_page.svelte.js                                     11.28 kB
.svelte-kit/output/server/chunks/index2.js                                                        25.96 kB
.svelte-kit/output/server/remote-entry.js                                                         27.94 kB
.svelte-kit/output/server/chunks/internal.js                                                      75.09 kB
.svelte-kit/output/server/index.js                                                               126.12 kB
✓ built in 3.28s

Run npm run preview to preview your production build locally.

> Using svelte-adapter-bun
.svelte-kit/adapter-bun/entries/endpoints/api/admin/purge-guest-files/_server.ts.js (4:15) [33m[UNRESOLVED_IMPORT] Warning:[0m Could not resolve 'fs/promises' in .svelte-kit/adapter-bun/entries/endpoints/api/admin/purge-guest-files/_server.ts.js
   [38;5;246m╭[0m[38;5;246m─[0m[38;5;246m[[0m .svelte-kit/adapter-bun/entries/endpoints/api/admin/purge-guest-files/_server.ts.js:4:16 [38;5;246m][0m
   [38;5;246m│[0m
 [38;5;246m4 │[0m [38;5;249mi[0m[38;5;249mm[0m[38;5;249mp[0m[38;5;249mo[0m[38;5;249mr[0m[38;5;249mt[0m[38;5;249m [0m[38;5;249mf[0m[38;5;249ms[0m[38;5;249m [0m[38;5;249mf[0m[38;5;249mr[0m[38;5;249mo[0m[38;5;249mm[0m[38;5;249m [0m"fs/promises"[38;5;249m;[0m
 [38;5;240m  │[0m                ──────┬──────  
 [38;5;240m  │[0m                      ╰──────── Module not found, treating it as an external dependency
[38;5;246m───╯[0m

.svelte-kit/adapter-bun/entries/endpoints/api/admin/purge-guest-files/_server.ts.js (5:17) [33m[UNRESOLVED_IMPORT] Warning:[0m Could not resolve 'path' in .svelte-kit/adapter-bun/entries/endpoints/api/admin/purge-guest-files/_server.ts.js
   [38;5;246m╭[0m[38;5;246m─[0m[38;5;246m[[0m .svelte-kit/adapter-bun/entries/endpoints/api/admin/purge-guest-files/_server.ts.js:5:18 [38;5;246m][0m
   [38;5;246m│[0m
 [38;5;246m5 │[0m [38;5;249mi[0m[38;5;249mm[0m[38;5;249mp[0m[38;5;249mo[0m[38;5;249mr[0m[38;5;249mt[0m[38;5;249m [0m[38;5;249mp[0m[38;5;249ma[0m[38;5;249mt[0m[38;5;249mh[0m[38;5;249m [0m[38;5;249mf[0m[38;5;249mr[0m[38;5;249mo[0m[38;5;249mm[0m[38;5;249m [0m"path"[38;5;249m;[0m
 [38;5;240m  │[0m                  ───┬──  
 [38;5;240m  │[0m                     ╰──── Module not found, treating it as an external dependency
[38;5;246m───╯[0m

.svelte-kit/adapter-bun/entries/endpoints/api/admin/purge-files/_server.ts.js (3:15) [33m[UNRESOLVED_IMPORT] Warning:[0m Could not resolve 'fs/promises' in .svelte-kit/adapter-bun/entries/endpoints/api/admin/purge-files/_server.ts.js
   [38;5;246m╭[0m[38;5;246m─[0m[38;5;246m[[0m .svelte-kit/adapter-bun/entries/endpoints/api/admin/purge-files/_server.ts.js:3:16 [38;5;246m][0m
   [38;5;246m│[0m
 [38;5;246m3 │[0m [38;5;249mi[0m[38;5;249mm[0m[38;5;249mp[0m[38;5;249mo[0m[38;5;249mr[0m[38;5;249mt[0m[38;5;249m [0m[38;5;249mf[0m[38;5;249ms[0m[38;5;249m [0m[38;5;249mf[0m[38;5;249mr[0m[38;5;249mo[0m[38;5;249mm[0m[38;5;249m [0m"fs/promises"[38;5;249m;[0m
 [38;5;240m  │[0m                ──────┬──────  
 [38;5;240m  │[0m                      ╰──────── Module not found, treating it as an external dependency
[38;5;246m───╯[0m

.svelte-kit/adapter-bun/entries/endpoints/api/admin/purge-files/_server.ts.js (4:17) [33m[UNRESOLVED_IMPORT] Warning:[0m Could not resolve 'path' in .svelte-kit/adapter-bun/entries/endpoints/api/admin/purge-files/_server.ts.js
   [38;5;246m╭[0m[38;5;246m─[0m[38;5;246m[[0m .svelte-kit/adapter-bun/entries/endpoints/api/admin/purge-files/_server.ts.js:4:18 [38;5;246m][0m
   [38;5;246m│[0m
 [38;5;246m4 │[0m [38;5;249mi[0m[38;5;249mm[0m[38;5;249mp[0m[38;5;249mo[0m[38;5;249mr[0m[38;5;249mt[0m[38;5;249m [0m[38;5;249mp[0m[38;5;249ma[0m[38;5;249mt[0m[38;5;249mh[0m[38;5;249m [0m[38;5;249mf[0m[38;5;249mr[0m[38;5;249mo[0m[38;5;249mm[0m[38;5;249m [0m"path"[38;5;249m;[0m
 [38;5;240m  │[0m                  ───┬──  
 [38;5;240m  │[0m                     ╰──── Module not found, treating it as an external dependency
[38;5;246m───╯[0m

.svelte-kit/adapter-bun/entries/endpoints/api/paste/_server.ts.js (2:27) [33m[UNRESOLVED_IMPORT] Warning:[0m Could not resolve 'crypto' in .svelte-kit/adapter-bun/entries/endpoints/api/paste/_server.ts.js
   [38;5;246m╭[0m[38;5;246m─[0m[38;5;246m[[0m .svelte-kit/adapter-bun/entries/endpoints/api/paste/_server.ts.js:2:28 [38;5;246m][0m
   [38;5;246m│[0m
 [38;5;246m2 │[0m [38;5;249mi[0m[38;5;249mm[0m[38;5;249mp[0m[38;5;249mo[0m[38;5;249mr[0m[38;5;249mt[0m[38;5;249m [0m[38;5;249m{[0m[38;5;249m [0m[38;5;249mr[0m[38;5;249ma[0m[38;5;249mn[0m[38;5;249md[0m[38;5;249mo[0m[38;5;249mm[0m[38;5;249mU[0m[38;5;249mU[0m[38;5;249mI[0m[38;5;249mD[0m[38;5;249m [0m[38;5;249m}[0m[38;5;249m [0m[38;5;249mf[0m[38;5;249mr[0m[38;5;249mo[0m[38;5;249mm[0m[38;5;249m [0m"crypto"[38;5;249m;[0m
 [38;5;240m  │[0m                            ────┬───  
 [38;5;240m  │[0m                                ╰───── Module not found, treating it as an external dependency
[38;5;246m───╯[0m

.svelte-kit/adapter-bun/entries/endpoints/api/files/upload/_server.ts.js (2:27) [33m[UNRESOLVED_IMPORT] Warning:[0m Could not resolve 'crypto' in .svelte-kit/adapter-bun/entries/endpoints/api/files/upload/_server.ts.js
   [38;5;246m╭[0m[38;5;246m─[0m[38;5;246m[[0m .svelte-kit/adapter-bun/entries/endpoints/api/files/upload/_server.ts.js:2:28 [38;5;246m][0m
   [38;5;246m│[0m
 [38;5;246m2 │[0m [38;5;249mi[0m[38;5;249mm[0m[38;5;249mp[0m[38;5;249mo[0m[38;5;249mr[0m[38;5;249mt[0m[38;5;249m [0m[38;5;249m{[0m[38;5;249m [0m[38;5;249mr[0m[38;5;249ma[0m[38;5;249mn[0m[38;5;249md[0m[38;5;249mo[0m[38;5;249mm[0m[38;5;249mU[0m[38;5;249mU[0m[38;5;249mI[0m[38;5;249mD[0m[38;5;249m [0m[38;5;249m}[0m[38;5;249m [0m[38;5;249mf[0m[38;5;249mr[0m[38;5;249mo[0m[38;5;249mm[0m[38;5;249m [0m"crypto"[38;5;249m;[0m
 [38;5;240m  │[0m                            ────┬───  
 [38;5;240m  │[0m                                ╰───── Module not found, treating it as an external dependency
[38;5;246m───╯[0m

.svelte-kit/adapter-bun/entries/endpoints/api/files/upload/_server.ts.js (4:15) [33m[UNRESOLVED_IMPORT] Warning:[0m Could not resolve 'fs/promises' in .svelte-kit/adapter-bun/entries/endpoints/api/files/upload/_server.ts.js
   [38;5;246m╭[0m[38;5;246m─[0m[38;5;246m[[0m .svelte-kit/adapter-bun/entries/endpoints/api/files/upload/_server.ts.js:4:16 [38;5;246m][0m
   [38;5;246m│[0m
 [38;5;246m4 │[0m [38;5;249mi[0m[38;5;249mm[0m[38;5;249mp[0m[38;5;249mo[0m[38;5;249mr[0m[38;5;249mt[0m[38;5;249m [0m[38;5;249mf[0m[38;5;249ms[0m[38;5;249m [0m[38;5;249mf[0m[38;5;249mr[0m[38;5;249mo[0m[38;5;249mm[0m[38;5;249m [0m"fs/promises"[38;5;249m;[0m
 [38;5;240m  │[0m                ──────┬──────  
 [38;5;240m  │[0m                      ╰──────── Module not found, treating it as an external dependency
[38;5;246m───╯[0m

.svelte-kit/adapter-bun/entries/endpoints/api/files/upload/_server.ts.js (5:17) [33m[UNRESOLVED_IMPORT] Warning:[0m Could not resolve 'path' in .svelte-kit/adapter-bun/entries/endpoints/api/files/upload/_server.ts.js
   [38;5;246m╭[0m[38;5;246m─[0m[38;5;246m[[0m .svelte-kit/adapter-bun/entries/endpoints/api/files/upload/_server.ts.js:5:18 [38;5;246m][0m
   [38;5;246m│[0m
 [38;5;246m5 │[0m [38;5;249mi[0m[38;5;249mm[0m[38;5;249mp[0m[38;5;249mo[0m[38;5;249mr[0m[38;5;249mt[0m[38;5;249m [0m[38;5;249mp[0m[38;5;249ma[0m[38;5;249mt[0m[38;5;249mh[0m[38;5;249m [0m[38;5;249mf[0m[38;5;249mr[0m[38;5;249mo[0m[38;5;249mm[0m[38;5;249m [0m"path"[38;5;249m;[0m
 [38;5;240m  │[0m                  ───┬──  
 [38;5;240m  │[0m                     ╰──── Module not found, treating it as an external dependency
[38;5;246m───╯[0m

.svelte-kit/adapter-bun/entries/endpoints/api/files/raw/_file_id_/_server.ts.js (4:15) [33m[UNRESOLVED_IMPORT] Warning:[0m Could not resolve 'fs/promises' in .svelte-kit/adapter-bun/entries/endpoints/api/files/raw/_file_id_/_server.ts.js
   [38;5;246m╭[0m[38;5;246m─[0m[38;5;246m[[0m .svelte-kit/adapter-bun/entries/endpoints/api/files/raw/_file_id_/_server.ts.js:4:16 [38;5;246m][0m
   [38;5;246m│[0m
 [38;5;246m4 │[0m [38;5;249mi[0m[38;5;249mm[0m[38;5;249mp[0m[38;5;249mo[0m[38;5;249mr[0m[38;5;249mt[0m[38;5;249m [0m[38;5;249mf[0m[38;5;249ms[0m[38;5;249m [0m[38;5;249mf[0m[38;5;249mr[0m[38;5;249mo[0m[38;5;249mm[0m[38;5;249m [0m"fs/promises"[38;5;249m;[0m
 [38;5;240m  │[0m                ──────┬──────  
 [38;5;240m  │[0m                      ╰──────── Module not found, treating it as an external dependency
[38;5;246m───╯[0m

.svelte-kit/adapter-bun/entries/endpoints/api/files/raw/_file_id_/_server.ts.js (5:17) [33m[UNRESOLVED_IMPORT] Warning:[0m Could not resolve 'path' in .svelte-kit/adapter-bun/entries/endpoints/api/files/raw/_file_id_/_server.ts.js
   [38;5;246m╭[0m[38;5;246m─[0m[38;5;246m[[0m .svelte-kit/adapter-bun/entries/endpoints/api/files/raw/_file_id_/_server.ts.js:5:18 [38;5;246m][0m
   [38;5;246m│[0m
 [38;5;246m5 │[0m [38;5;249mi[0m[38;5;249mm[0m[38;5;249mp[0m[38;5;249mo[0m[38;5;249mr[0m[38;5;249mt[0m[38;5;249m [0m[38;5;249mp[0m[38;5;249ma[0m[38;5;249mt[0m[38;5;249mh[0m[38;5;249m [0m[38;5;249mf[0m[38;5;249mr[0m[38;5;249mo[0m[38;5;249mm[0m[38;5;249m [0m"path"[38;5;249m;[0m
 [38;5;240m  │[0m                  ───┬──  
 [38;5;240m  │[0m                     ╰──── Module not found, treating it as an external dependency
[38;5;246m───╯[0m

.svelte-kit/adapter-bun/chunks/utils3.js (1:27) [33m[UNRESOLVED_IMPORT] Warning:[0m Could not resolve 'crypto' in .svelte-kit/adapter-bun/chunks/utils3.js
   [38;5;246m╭[0m[38;5;246m─[0m[38;5;246m[[0m .svelte-kit/adapter-bun/chunks/utils3.js:1:28 [38;5;246m][0m
   [38;5;246m│[0m
 [38;5;246m1 │[0m [38;5;249mi[0m[38;5;249mm[0m[38;5;249mp[0m[38;5;249mo[0m[38;5;249mr[0m[38;5;249mt[0m[38;5;249m [0m[38;5;249m{[0m[38;5;249m [0m[38;5;249mc[0m[38;5;249mr[0m[38;5;249me[0m[38;5;249ma[0m[38;5;249mt[0m[38;5;249me[0m[38;5;249mH[0m[38;5;249ma[0m[38;5;249ms[0m[38;5;249mh[0m[38;5;249m [0m[38;5;249m}[0m[38;5;249m [0m[38;5;249mf[0m[38;5;249mr[0m[38;5;249mo[0m[38;5;249mm[0m[38;5;249m [0m"crypto"[38;5;249m;[0m
 [38;5;240m  │[0m                            ────┬───  
 [38;5;240m  │[0m                                ╰───── Module not found, treating it as an external dependency
[38;5;246m───╯[0m

.svelte-kit/adapter-bun/chunks/log.js (1:15) [33m[UNRESOLVED_IMPORT] Warning:[0m Could not resolve 'fs' in .svelte-kit/adapter-bun/chunks/log.js
   [38;5;246m╭[0m[38;5;246m─[0m[38;5;246m[[0m .svelte-kit/adapter-bun/chunks/log.js:1:16 [38;5;246m][0m
   [38;5;246m│[0m
 [38;5;246m1 │[0m [38;5;249mi[0m[38;5;249mm[0m[38;5;249mp[0m[38;5;249mo[0m[38;5;249mr[0m[38;5;249mt[0m[38;5;249m [0m[38;5;249mf[0m[38;5;249ms[0m[38;5;249m [0m[38;5;249mf[0m[38;5;249mr[0m[38;5;249mo[0m[38;5;249mm[0m[38;5;249m [0m"fs"[38;5;249m;[0m
 [38;5;240m  │[0m                ──┬─  
 [38;5;240m  │[0m                  ╰─── Module not found, treating it as an external dependency
[38;5;246m───╯[0m

.svelte-kit/adapter-bun/chunks/log.js (2:17) [33m[UNRESOLVED_IMPORT] Warning:[0m Could not resolve 'path' in .svelte-kit/adapter-bun/chunks/log.js
   [38;5;246m╭[0m[38;5;246m─[0m[38;5;246m[[0m .svelte-kit/adapter-bun/chunks/log.js:2:18 [38;5;246m][0m
   [38;5;246m│[0m
 [38;5;246m2 │[0m [38;5;249mi[0m[38;5;249mm[0m[38;5;249mp[0m[38;5;249mo[0m[38;5;249mr[0m[38;5;249mt[0m[38;5;249m [0m[38;5;249mp[0m[38;5;249ma[0m[38;5;249mt[0m[38;5;249mh[0m[38;5;249m [0m[38;5;249mf[0m[38;5;249mr[0m[38;5;249mo[0m[38;5;249mm[0m[38;5;249m [0m"path"[38;5;249m;[0m
 [38;5;240m  │[0m                  ───┬──  
 [38;5;240m  │[0m                     ╰──── Module not found, treating it as an external dependency
[38;5;246m───╯[0m

.svelte-kit/adapter-bun/entries/endpoints/api/admin/files/_id_/_server.ts.js (4:15) [33m[UNRESOLVED_IMPORT] Warning:[0m Could not resolve 'fs' in .svelte-kit/adapter-bun/entries/endpoints/api/admin/files/_id_/_server.ts.js
   [38;5;246m╭[0m[38;5;246m─[0m[38;5;246m[[0m .svelte-kit/adapter-bun/entries/endpoints/api/admin/files/_id_/_server.ts.js:4:16 [38;5;246m][0m
   [38;5;246m│[0m
 [38;5;246m4 │[0m [38;5;249mi[0m[38;5;249mm[0m[38;5;249mp[0m[38;5;249mo[0m[38;5;249mr[0m[38;5;249mt[0m[38;5;249m [0m[38;5;249mf[0m[38;5;249ms[0m[38;5;249m [0m[38;5;249mf[0m[38;5;249mr[0m[38;5;249mo[0m[38;5;249mm[0m[38;5;249m [0m"fs"[38;5;249m;[0m
 [38;5;240m  │[0m                ──┬─  
 [38;5;240m  │[0m                  ╰─── Module not found, treating it as an external dependency
[38;5;246m───╯[0m

.svelte-kit/adapter-bun/entries/endpoints/api/admin/files/_id_/_server.ts.js (5:17) [33m[UNRESOLVED_IMPORT] Warning:[0m Could not resolve 'path' in .svelte-kit/adapter-bun/entries/endpoints/api/admin/files/_id_/_server.ts.js
   [38;5;246m╭[0m[38;5;246m─[0m[38;5;246m[[0m .svelte-kit/adapter-bun/entries/endpoints/api/admin/files/_id_/_server.ts.js:5:18 [38;5;246m][0m
   [38;5;246m│[0m
 [38;5;246m5 │[0m [38;5;249mi[0m[38;5;249mm[0m[38;5;249mp[0m[38;5;249mo[0m[38;5;249mr[0m[38;5;249mt[0m[38;5;249m [0m[38;5;249mp[0m[38;5;249ma[0m[38;5;249mt[0m[38;5;249mh[0m[38;5;249m [0m[38;5;249mf[0m[38;5;249mr[0m[38;5;249mo[0m[38;5;249mm[0m[38;5;249m [0m"path"[38;5;249m;[0m
 [38;5;240m  │[0m                  ───┬──  
 [38;5;240m  │[0m                     ╰──── Module not found, treating it as an external dependency
[38;5;246m───╯[0m

.svelte-kit/adapter-bun/entries/endpoints/api/auth/otp/verify/_server.ts.js (4:27) [33m[UNRESOLVED_IMPORT] Warning:[0m Could not resolve 'crypto' in .svelte-kit/adapter-bun/entries/endpoints/api/auth/otp/verify/_server.ts.js
   [38;5;246m╭[0m[38;5;246m─[0m[38;5;246m[[0m .svelte-kit/adapter-bun/entries/endpoints/api/auth/otp/verify/_server.ts.js:4:28 [38;5;246m][0m
   [38;5;246m│[0m
 [38;5;246m4 │[0m [38;5;249mi[0m[38;5;249mm[0m[38;5;249mp[0m[38;5;249mo[0m[38;5;249mr[0m[38;5;249mt[0m[38;5;249m [0m[38;5;249m{[0m[38;5;249m [0m[38;5;249mr[0m[38;5;249ma[0m[38;5;249mn[0m[38;5;249md[0m[38;5;249mo[0m[38;5;249mm[0m[38;5;249mU[0m[38;5;249mU[0m[38;5;249mI[0m[38;5;249mD[0m[38;5;249m [0m[38;5;249m}[0m[38;5;249m [0m[38;5;249mf[0m[38;5;249mr[0m[38;5;249mo[0m[38;5;249mm[0m[38;5;249m [0m"crypto"[38;5;249m;[0m
 [38;5;240m  │[0m                            ────┬───  
 [38;5;240m  │[0m                                ╰───── Module not found, treating it as an external dependency
[38;5;246m───╯[0m

.svelte-kit/adapter-bun/chunks/db.js (1:25) [33m[UNRESOLVED_IMPORT] Warning:[0m Could not resolve 'bun:sqlite' in .svelte-kit/adapter-bun/chunks/db.js
   [38;5;246m╭[0m[38;5;246m─[0m[38;5;246m[[0m .svelte-kit/adapter-bun/chunks/db.js:1:26 [38;5;246m][0m
   [38;5;246m│[0m
 [38;5;246m1 │[0m [38;5;249mi[0m[38;5;249mm[0m[38;5;249mp[0m[38;5;249mo[0m[38;5;249mr[0m[38;5;249mt[0m[38;5;249m [0m[38;5;249m{[0m[38;5;249m [0m[38;5;249mD[0m[38;5;249ma[0m[38;5;249mt[0m[38;5;249ma[0m[38;5;249mb[0m[38;5;249ma[0m[38;5;249ms[0m[38;5;249me[0m[38;5;249m [0m[38;5;249m}[0m[38;5;249m [0m[38;5;249mf[0m[38;5;249mr[0m[38;5;249mo[0m[38;5;249mm[0m[38;5;249m [0m"bun:sqlite"[38;5;249m;[0m
 [38;5;240m  │[0m                          ──────┬─────  
 [38;5;240m  │[0m                                ╰─────── Module not found, treating it as an external dependency
[38;5;246m───╯[0m

.svelte-kit/adapter-bun/entries/endpoints/api/files/create-collection/_server.ts.js (2:27) [33m[UNRESOLVED_IMPORT] Warning:[0m Could not resolve 'crypto' in .svelte-kit/adapter-bun/entries/endpoints/api/files/create-collection/_server.ts.js
   [38;5;246m╭[0m[38;5;246m─[0m[38;5;246m[[0m .svelte-kit/adapter-bun/entries/endpoints/api/files/create-collection/_server.ts.js:2:28 [38;5;246m][0m
   [38;5;246m│[0m
 [38;5;246m2 │[0m [38;5;249mi[0m[38;5;249mm[0m[38;5;249mp[0m[38;5;249mo[0m[38;5;249mr[0m[38;5;249mt[0m[38;5;249m [0m[38;5;249m{[0m[38;5;249m [0m[38;5;249mr[0m[38;5;249ma[0m[38;5;249mn[0m[38;5;249md[0m[38;5;249mo[0m[38;5;249mm[0m[38;5;249mU[0m[38;5;249mU[0m[38;5;249mI[0m[38;5;249mD[0m[38;5;249m [0m[38;5;249m}[0m[38;5;249m [0m[38;5;249mf[0m[38;5;249mr[0m[38;5;249mo[0m[38;5;249mm[0m[38;5;249m [0m"crypto"[38;5;249m;[0m
 [38;5;240m  │[0m                            ────┬───  
 [38;5;240m  │[0m                                ╰───── Module not found, treating it as an external dependency
[38;5;246m───╯[0m

.svelte-kit/adapter-bun/entries/endpoints/api/files/collections/_collection_id_/_server.ts.js (4:15) [33m[UNRESOLVED_IMPORT] Warning:[0m Could not resolve 'fs/promises' in .svelte-kit/adapter-bun/entries/endpoints/api/files/collections/_collection_id_/_server.ts.js
   [38;5;246m╭[0m[38;5;246m─[0m[38;5;246m[[0m .svelte-kit/adapter-bun/entries/endpoints/api/files/collections/_collection_id_/_server.ts.js:4:16 [38;5;246m][0m
   [38;5;246m│[0m
 [38;5;246m4 │[0m [38;5;249mi[0m[38;5;249mm[0m[38;5;249mp[0m[38;5;249mo[0m[38;5;249mr[0m[38;5;249mt[0m[38;5;249m [0m[38;5;249mf[0m[38;5;249ms[0m[38;5;249m [0m[38;5;249mf[0m[38;5;249mr[0m[38;5;249mo[0m[38;5;249mm[0m[38;5;249m [0m"fs/promises"[38;5;249m;[0m
 [38;5;240m  │[0m                ──────┬──────  
 [38;5;240m  │[0m                      ╰──────── Module not found, treating it as an external dependency
[38;5;246m───╯[0m

.svelte-kit/adapter-bun/entries/endpoints/api/files/collections/_collection_id_/_server.ts.js (5:17) [33m[UNRESOLVED_IMPORT] Warning:[0m Could not resolve 'path' in .svelte-kit/adapter-bun/entries/endpoints/api/files/collections/_collection_id_/_server.ts.js
   [38;5;246m╭[0m[38;5;246m─[0m[38;5;246m[[0m .svelte-kit/adapter-bun/entries/endpoints/api/files/collections/_collection_id_/_server.ts.js:5:18 [38;5;246m][0m
   [38;5;246m│[0m
 [38;5;246m5 │[0m [38;5;249mi[0m[38;5;249mm[0m[38;5;249mp[0m[38;5;249mo[0m[38;5;249mr[0m[38;5;249mt[0m[38;5;249m [0m[38;5;249mp[0m[38;5;249ma[0m[38;5;249mt[0m[38;5;249mh[0m[38;5;249m [0m[38;5;249mf[0m[38;5;249mr[0m[38;5;249mo[0m[38;5;249mm[0m[38;5;249m [0m"path"[38;5;249m;[0m
 [38;5;240m  │[0m                  ───┬──  
 [38;5;240m  │[0m                     ╰──── Module not found, treating it as an external dependency
[38;5;246m───╯[0m

.svelte-kit/adapter-bun/entries/endpoints/api/admin/collections/_id_/_server.ts.js (4:15) [33m[UNRESOLVED_IMPORT] Warning:[0m Could not resolve 'fs' in .svelte-kit/adapter-bun/entries/endpoints/api/admin/collections/_id_/_server.ts.js
   [38;5;246m╭[0m[38;5;246m─[0m[38;5;246m[[0m .svelte-kit/adapter-bun/entries/endpoints/api/admin/collections/_id_/_server.ts.js:4:16 [38;5;246m][0m
   [38;5;246m│[0m
 [38;5;246m4 │[0m [38;5;249mi[0m[38;5;249mm[0m[38;5;249mp[0m[38;5;249mo[0m[38;5;249mr[0m[38;5;249mt[0m[38;5;249m [0m[38;5;249mf[0m[38;5;249ms[0m[38;5;249m [0m[38;5;249mf[0m[38;5;249mr[0m[38;5;249mo[0m[38;5;249mm[0m[38;5;249m [0m"fs"[38;5;249m;[0m
 [38;5;240m  │[0m                ──┬─  
 [38;5;240m  │[0m                  ╰─── Module not found, treating it as an external dependency
[38;5;246m───╯[0m

.svelte-kit/adapter-bun/entries/endpoints/api/admin/collections/_id_/_server.ts.js (5:17) [33m[UNRESOLVED_IMPORT] Warning:[0m Could not resolve 'path' in .svelte-kit/adapter-bun/entries/endpoints/api/admin/collections/_id_/_server.ts.js
   [38;5;246m╭[0m[38;5;246m─[0m[38;5;246m[[0m .svelte-kit/adapter-bun/entries/endpoints/api/admin/collections/_id_/_server.ts.js:5:18 [38;5;246m][0m
   [38;5;246m│[0m
 [38;5;246m5 │[0m [38;5;249mi[0m[38;5;249mm[0m[38;5;249mp[0m[38;5;249mo[0m[38;5;249mr[0m[38;5;249mt[0m[38;5;249m [0m[38;5;249mp[0m[38;5;249ma[0m[38;5;249mt[0m[38;5;249mh[0m[38;5;249m [0m[38;5;249mf[0m[38;5;249mr[0m[38;5;249mo[0m[38;5;249mm[0m[38;5;249m [0m"path"[38;5;249m;[0m
 [38;5;240m  │[0m                  ───┬──  
 [38;5;240m  │[0m                     ╰──── Module not found, treating it as an external dependency
[38;5;246m───╯[0m

  ✔ done
